{
  "bom": null,
  "fatal_errors": [],
  "run_details": {},
  "sboms": null,
  "summary": {},
  "tool": null,
  "vulnerabilities": [
    {
      "confidence": "",
      "file_location": null,
      "identifiers": {},
      "is_excluded": false,
      "is_ignored": false,
      "language": "",
      "metadata": null,
      "name": "Some High Vulnerability",
      "overview": "",
      "recommendation": "",
      "references": [],
      "severity": "high",
      "version": "",
      "vulnerability_type": "generic"
    }
  ],
  "warnings": []
}